Resolving dependencies...
Downloading packages...
  _fe_analyzer_shared 67.0.0 (99.0.0 available)
  _flutterfire_internals 1.3.59 (1.3.69 available)
  analyzer 6.4.1 (12.1.0 available)
  animate_do 3.3.9 (5.1.0 available)
  async 2.13.0 (2.13.1 available)
  build 2.4.1 (4.0.5 available)
  build_config 1.1.2 (1.3.0 available)
  build_resolvers 2.4.2 (3.0.4 available)
  build_runner 2.4.13 (2.13.1 available)
  build_runner_core 7.3.2 (9.3.2 available)
  cloud_firestore 5.6.12 (6.3.0 available)
  cloud_firestore_platform_interface 6.6.12 (7.2.0 available)
  cloud_firestore_web 4.4.12 (5.3.0 available)
  dart_style 2.3.6 (3.1.8 available)
  file_picker 8.3.7 (11.0.2 available)
  firebase_auth 5.7.0 (6.4.0 available)
  firebase_auth_platform_interface 7.7.3 (8.1.9 available)
  firebase_auth_web 5.15.3 (6.1.5 available)
  firebase_core 3.15.2 (4.7.0 available)
  firebase_core_web 2.24.1 (3.6.0 available)
  firebase_messaging 15.2.10 (16.2.0 available)
  firebase_messaging_platform_interface 4.6.10 (4.7.9 available)
  firebase_messaging_web 3.10.10 (4.1.5 available)
  fl_chart 0.68.0 (1.2.0 available)
  flutter_lints 4.0.0 (6.0.0 available)
  flutter_local_notifications 17.2.4 (21.0.0 available)
  flutter_local_notifications_linux 4.0.1 (8.0.0 available)
  flutter_local_notifications_platform_interface 7.2.0 (11.0.0 available)
  flutter_plugin_android_lifecycle 2.0.33 (2.0.34 available)
  flutter_riverpod 2.6.1 (3.3.1 available)
  flutter_secure_storage 9.2.4 (10.0.0 available)
  flutter_secure_storage_linux 1.2.3 (3.0.0 available)
  flutter_secure_storage_macos 3.1.3 (4.0.0 available)
  flutter_secure_storage_platform_interface 1.1.2 (2.0.1 available)
  flutter_secure_storage_web 1.2.1 (2.1.0 available)
  flutter_secure_storage_windows 3.1.2 (4.1.0 available)
  go_router 14.8.1 (17.2.2 available)
  google_fonts 6.3.3 (8.0.2 available)
  google_mlkit_commons 0.8.1 (0.11.1 available)
  google_mlkit_text_recognition 0.13.1 (0.15.1 available)
  google_sign_in 6.3.0 (7.2.0 available)
  google_sign_in_android 6.2.1 (7.2.10 available)
  google_sign_in_ios 5.9.0 (6.3.0 available)
  google_sign_in_platform_interface 2.5.0 (3.1.0 available)
  google_sign_in_web 0.12.4+4 (1.1.3 available)
  image_cropper 12.2.0 (12.2.1 available)
  image_picker_android 0.8.13+14 (0.8.13+16 available)
  js 0.6.7 (0.7.2 available)
  lints 4.0.0 (6.1.0 available)
  matcher 0.12.18 (0.12.19 available)
  meta 1.17.0 (1.18.2 available)
  path_provider_android 2.2.22 (2.3.1 available)
  permission_handler 11.4.0 (12.0.1 available)
  permission_handler_android 12.1.0 (13.0.1 available)
  riverpod 2.6.1 (3.2.1 available)
  shelf_web_socket 2.0.1 (3.0.0 available)
  source_gen 1.5.0 (4.2.2 available)
  source_helper 1.3.5 (1.3.11 available)
  test_api 0.7.9 (0.7.11 available)
  timezone 0.9.4 (0.11.0 available)
  vector_math 2.2.0 (2.3.0 available)
  vm_service 15.0.2 (15.1.0 available)
  win32 5.15.0 (6.0.1 available)
Got dependencies!
63 packages have newer versions incompatible with dependency constraints.
Try `flutter pub outdated` for more information.
Compiling lib\main.dart for the Web...                          
flutter : Wasm dry run findings:
At line:1 char:1
+ flutter build web --profile > build_output.txt 2>&1 ; cat build_outpu ...
+ ~~~~~~~~~~~~~~~~~~~~~~~~~~~~~~~~~~~~~~~~~~~~~~~~~~~
    + CategoryInfo          : NotSpecified: (Wasm dry run findings::String) [], RemoteException
    + FullyQualifiedErrorId : NativeCommandError
 
Found incompatibilities with WebAssembly.

package:flutter_secure_storage_web/flutter_secure_storage_web.dart 5:1 - dart:html unsupported (0)
package:flutter_secure_storage_web/flutter_secure_storage_web.dart 6:1 - dart:js_util unsupported (15)
package:flutter_secure_storage_web/src/subtle.dart 21:1 - dart:html unsupported (0)
package:flutter_secure_storage_web/src/subtle.dart 22:1 - dart:js_util unsupported (15)
package:flutter_secure_storage_web/src/subtle.dart 26:1 - package:js/js.dart unsupported (14)

Consider addressing these issues to enable wasm builds. See docs for more info: 
https://docs.flutter.dev/platform-integration/web/wasm

Use --no-wasm-dry-run to disable these warnings.
Compiling lib\main.dart for the Web...                             46.5s
Target dart2js failed: ProcessException: Process exited abnormally with exit code 1:
lib/presentation/providers/profile_provider.dart:421:1:
Error: Expected a declaration, but got '}'.
}
^
lib/presentation/providers/eligibility_provider.dart:48:1:
Error: Directives must appear before any declarations.
import '../../providers/profile_provider.dart';
^^^^^^
lib/presentation/providers/eligibility_provider.dart:48:8:
Error: Error when reading 'lib/providers/profile_provider.dart': Error reading 'lib/providers/profile_provider.dart'  
(The system cannot find the path specified)
import '../../providers/profile_provider.dart';
       ^
lib/presentation/providers/eligibility_provider.dart:54:14:
Error: 'ProfileState' isn't a type.
  ref.listen<ProfileState>(profileNotifierProvider, (previous, next) {
             ^^^^^^^^^^^^
lib/presentation/providers/eligibility_provider.dart:54:28:
Error: Undefined name 'profileNotifierProvider'.
  ref.listen<ProfileState>(profileNotifierProvider, (previous, next) {
                           ^^^^^^^^^^^^^^^^^^^^^^^
lib/presentation/providers/eligibility_provider.dart:55:14:
Error: The getter 'profile' isn't defined for the type 'Object?'.
 - 'Object' is from 'dart:core'.
    if (next.profile != null && (previous?.profile != next.profile || next.isSaved)) {
             ^^^^^^^
lib/presentation/providers/eligibility_provider.dart:55:44:
Error: The getter 'profile' isn't defined for the type 'Object'.
 - 'Object' is from 'dart:core'.
    if (next.profile != null && (previous?.profile != next.profile || next.isSaved)) {
                                           ^^^^^^^
lib/presentation/providers/eligibility_provider.dart:55:60:
Error: The getter 'profile' isn't defined for the type 'Object?'.
 - 'Object' is from 'dart:core'.
    if (next.profile != null && (previous?.profile != next.profile || next.isSaved)) {
                                                           ^^^^^^^
lib/presentation/providers/eligibility_provider.dart:55:76:
Error: The getter 'isSaved' isn't defined for the type 'Object?'.
 - 'Object' is from 'dart:core'.
    if (next.profile != null && (previous?.profile != next.profile || next.isSaved)) {
                                                                           ^^^^^^^
lib/presentation/providers/eligibility_provider.dart:56:55:
Error: The getter 'profile' isn't defined for the type 'Object?'.
 - 'Object' is from 'dart:core'.
      Future.microtask(() => notifier.computeAll(next.profile));
                                                      ^^^^^^^
lib/presentation/providers/profile_provider.dart:420:32:
Error: Undefined name 'state'.
  void resetSaved() => state = state.copyWith(isSaved: false);
                               ^^^^^
lib/presentation/providers/profile_provider.dart:420:24:
Error: Setter not found: 'state'.
  void resetSaved() => state = state.copyWith(isSaved: false);
                       ^^^^^
lib/presentation/screens/timeline/timeline_screen.dart:115:37:
Error: The getter 'eligibilityNotifierProvider' isn't defined for the type '_TimelineScreenState'.
 - '_TimelineScreenState' is from 'package:yogya_app/presentation/screens/timeline/timeline_screen.dart' 
('lib/presentation/screens/timeline/timeline_screen.dart').
    final providerEvals = ref.watch(eligibilityNotifierProvider).evaluations;
                                    ^^^^^^^^^^^^^^^^^^^^^^^^^^^
lib/presentation/screens/profile/profile_screen.dart:109:18:
Error: The getter 'FirebaseAuth' isn't defined for the type '_ProfileScreenState'.
 - '_ProfileScreenState' is from 'package:yogya_app/presentation/screens/profile/profile_screen.dart' 
('lib/presentation/screens/profile/profile_screen.dart').
    final user = FirebaseAuth.instance.currentUser;
                 ^^^^^^^^^^^^
Error: Compilation failed.
  Command: C:\Users\adity\flutter\bin\cache\dart-sdk\bin\dart.exe compile js 
--platform-binaries=C:\Users\adity\flutter\bin\cache\flutter_web_sdk\kernel --invoker=flutter_tool 
-Ddart.vm.profile=true -DFLUTTER_VERSION=3.41.1 -DFLUTTER_CHANNEL=stable 
-DFLUTTER_GIT_URL=https://github.com/flutter/flutter.git -DFLUTTER_FRAMEWORK_REVISION=582a0e7c55 
-DFLUTTER_ENGINE_REVISION=3452d735bd -DFLUTTER_DART_VERSION=3.11.0 -DFLUTTER_WEB_USE_SKIA=true 
-DFLUTTER_WEB_USE_SKWASM=false 
-DFLUTTER_WEB_CANVASKIT_URL=https://www.gstatic.com/flutter-canvaskit/3452d735bd38224ef2db85ca763d862d6326b17f/ 
--native-null-assertions --no-source-maps -O4 --no-minify -o 
C:\Users\adity\OneDrive\Desktop\asli_yogya_app\.dart_tool\flutter_build\874002f0216c0b36db37256acb8a22fd\app.dill 
--packages=C:\Users\adity\OneDrive\Desktop\asli_yogya_app\.dart_tool\package_config.json --cfe-only 
C:\Users\adity\OneDrive\Desktop\asli_yogya_app\.dart_tool\flutter_build\874002f0216c0b36db37256acb8a22fd\main.dart
#0      RunResult.throwException (package:flutter_tools/src/base/process.dart:153:5)
#1      _DefaultProcessUtils.run (package:flutter_tools/src/base/process.dart:379:19)
<asynchronous suspension>
#2      Dart2JSTarget.build (package:flutter_tools/src/build_system/targets/web.dart:208:5)
<asynchronous suspension>
#3      _BuildInstance._invokeInternal (package:flutter_tools/src/build_system/build_system.dart:937:9)
<asynchronous suspension>
#4      Future.wait.<anonymous closure> (dart:async/future.dart:546:21)
<asynchronous suspension>
#5      _BuildInstance.invokeTarget (package:flutter_tools/src/build_system/build_system.dart:875:32)
<asynchronous suspension>
#6      Future.wait.<anonymous closure> (dart:async/future.dart:546:21)
<asynchronous suspension>
#7      _BuildInstance.invokeTarget (package:flutter_tools/src/build_system/build_system.dart:875:32)
<asynchronous suspension>
#8      FlutterBuildSystem.build (package:flutter_tools/src/build_system/build_system.dart:684:16)
<asynchronous suspension>
#9      WebBuilder.buildWeb (package:flutter_tools/src/web/compile.dart:101:34)
<asynchronous suspension>
#10     BuildWebCommand.runCommand (package:flutter_tools/src/commands/build_web.dart:299:5)
<asynchronous suspension>
#11     FlutterCommand.run.<anonymous closure> (package:flutter_tools/src/runner/flutter_command.dart:1590:27)
<asynchronous suspension>
#12     AppContext.run.<anonymous closure> (package:flutter_tools/src/base/context.dart:154:19)
<asynchronous suspension>
#13     CommandRunner.runCommand (package:args/command_runner.dart:212:13)
<asynchronous suspension>
#14     FlutterCommandRunner.runCommand.<anonymous closure> 
(package:flutter_tools/src/runner/flutter_command_runner.dart:496:9)
<asynchronous suspension>
#15     AppContext.run.<anonymous closure> (package:flutter_tools/src/base/context.dart:154:19)
<asynchronous suspension>
#16     FlutterCommandRunner.runCommand (package:flutter_tools/src/runner/flutter_command_runner.dart:431:5)
<asynchronous suspension>
#17     FlutterCommandRunner.run.<anonymous closure> 
(package:flutter_tools/src/runner/flutter_command_runner.dart:307:33)
<asynchronous suspension>
#18     run.<anonymous closure>.<anonymous closure> (package:flutter_tools/runner.dart:104:11)
<asynchronous suspension>
#19     AppContext.run.<anonymous closure> (package:flutter_tools/src/base/context.dart:154:19)
<asynchronous suspension>
#20     main (package:flutter_tools/executable.dart:103:3)
<asynchronous suspension>

Error: Failed to compile application for the Web.
